HTTP	11	726	3
MDNS	8	952	4
DHCP	10	3420	1
STUN	689	85660	4
ICMP	10	700	1
SSL	8	589	2
DropBox	4	2176	1
Apple	127	28102	20
WhatsApp	182	25154	2
AppleiTunes	85	28087	2
Spotify	3	258	1
H323	70	9464	14
RTCP	44	7818	2
