MDNS	2	202	2
DHCP	6	2052	1
DropBox	2	1088	1
Apple	50	23466	2
WhatsApp	32	3243	2
Spotify	1	86	1
